
> voice-lecture-frontend@1.0.0 build
> tsc && vite build

[36mvite v5.4.21 [32mbuilding for production...[36m[39m
transforming...
[32m✓[39m 6302 modules transformed.
rendering chunks...
computing gzip size...
[2mdist/[22m[32mindex.html                 [39m[1m[2m    0.48 kB[22m[1m[22m[2m │ gzip:   0.31 kB[22m
[2mdist/[22m[35massets/index-nrXuHvM1.css  [39m[1m[2m  250.07 kB[22m[1m[22m[2m │ gzip:  37.93 kB[22m
[2mdist/[22m[36massets/index-D55A_eH1.js   [39m[1m[33m1,265.82 kB[39m[22m[2m │ gzip: 388.09 kB[22m
[33m
(!) Some chunks are larger than 500 kB after minification. Consider:
- Using dynamic import() to code-split the application
- Use build.rollupOptions.output.manualChunks to improve chunking: https://rollupjs.org/configuration-options/#output-manualchunks
- Adjust chunk size limit for this warning via build.chunkSizeWarningLimit.[39m
[32m✓ built in 11.64s[39m
